$ docker-compose -f docker-compose.yml -f docker-compose.override.yml up -d

# Remove all stopped containers:
$ docker rm $(docker ps -a -q)

# Remove all images:
$ docker image prune --all


# Pull MongoDB from DockerHub:
$ docker pull mongo

# Create Docker container from MongoDB image:
$ docker run -d -p 27017:27017 --name aspnetrun-mongo mongo

# Execute commands inside of MongoDB container:
$ docker exec -it aspnetrun-mongo /bin/bash

# Docker Compose
$ docker-compose -f docker-compose.yml -f docker-compose.override.yml up -d
https://stackoverflow.com/questions/35289802/docker-pull-error-x509-certificate-has-expired-or-is-not-yet-valid

# Retrieve logs for a specific container:
$ docker logs -f aspnetrun-redis

# Remove a specific image:
# docker rmi <image id>



